
> digital-twin-3@0.1.0 build C:\AI_Workspace\Digital Twin III
> next build

Γû▓ Next.js 16.1.3 (Turbopack)
- Environments: .env

node.exe : ΓÜá The "middleware" file 
convention is deprecated. Please use 
"proxy" instead. Learn more: https://nextjs
.org/docs/messages/middleware-to-proxy
At C:\Users\crypt\AppData\Roaming\npm\pnpm.
ps1:24 char:5
+     & "node$exe"  
"$basedir/node_modules/pnpm/bin/pnpm.cjs" 
$args
+     ~~~~~~~~~~~~~~~~~~~~~~~~~~~~~~~~~~~~~
~~~~~~~~~~~~~~~~~~~~~~~~
    + CategoryInfo          : NotSpecified 
   : (ΓÜá The "middle...leware-to-proxy:S  
  tring) [], RemoteException
    + FullyQualifiedErrorId : NativeComman 
   dError
 
  Creating an optimized production build ...
Γ£ô Compiled successfully in 2.3s
  Running TypeScript ...
Failed to compile.

./src/middleware.ts:73:17
Type error: Type 'ArcjetIpDetails' is not 
assignable to type 'string'.

[0m [90m 71 |[39m                 
riskScore[33m,[39m
 [90m 72 |[39m                 
action[33m:[39m 
[32m"Blocked"[39m[33m,[39m
[31m[1m>[22m[39m[90m 73 |[39m        
         ip[33m:[39m 
decision[33m.[39mip[33m,[39m
 [90m    |[39m                 
[31m[1m^[22m[39m
 [90m 74 |[39m                 
location[33m:[39m 
[32m"Unknown"[39m[33m,[39m [90m// 
Arcjet might provide this in future or via 
geo headers[39m
 [90m 75 |[39m                 
payload[33m:[39m 
req[33m.[39murl[33m,[39m [90m// Log 
the URL as a proxy for payload[39m
 [90m 76 |[39m             
})[33m;[39m[0m
Next.js build worker exited with code: 1 
and signal: null
ΓÇëELIFECYCLEΓÇë Command failed with exit code 1.
